[andrae.de/andrae-group/karriere/index.html]
[backblue.gif]
[fade.gif]
[index.html]
[andrae.de/typo3temp/Assets/e7f8260fd40eea.css]
[andrae.de/typo3temp/Assets/c78dc15e270eea.css]
[andrae.de/typo3conf/ext/bootstrap_grids/Resources/Public/Flexslider2/flexsliderd409.css]
[andrae.de/fileadmin/template/dist/css/main.min20a3.css]
[cdnjs.cloudflare.com/ajax/libs/cookieconsent2/3.0.3/cookieconsent.min.css]
[andrae.de/fileadmin/template/dist/css/custom20a3.css]
[andrae.de/fileadmin/template/dist/js/all20a3.js]
[andrae.de/fileadmin/template/dist/js/custom20a3.js]
[cdnjs.cloudflare.com/ajax/libs/cookieconsent2/3.0.3/cookieconsent.min.js]
[andrae.de/fileadmin/template/js/cookieConsent20a3.js]
[andrae.de/fileadmin/template/img/favicon.png]
[cdn.rawgit.com/HubSpot/tether/v1.3.4/dist/js/tether.min.js]
[andrae.de/fileadmin/user_upload/allgemein/andrae_group_1140px.jpg]
[andrae.de/typo3conf/ext/bootstrap_grids/Resources/Public/Flexslider2/jquery.flexslider-mind409.js]
[andrae.de/typo3conf/ext/powermail/Resources/Public/JavaScripts/Libraries/jquery.datetimepicker.min0eef.js]
[andrae.de/typo3conf/ext/powermail/Resources/Public/JavaScripts/Libraries/parsley.min0eef.js]
[andrae.de/typo3conf/ext/powermail/Resources/Public/JavaScripts/Powermail/Tabs.min0eef.js]
[andrae.de/typo3conf/ext/powermail/Resources/Public/JavaScripts/Powermail/Form.min0eef.js]
[andrae.de/andrae-group/karriere/index.html]
[andrae.de/typo3temp/Assets/e7f8260fd40eea.css]
[andrae.de/typo3temp/Assets/c78dc15e270eea.css]
[andrae.de/typo3conf/ext/bootstrap_grids/Resources/Public/Flexslider2/fonts/flexslider-icon.eot]
[andrae.de/typo3conf/ext/bootstrap_grids/Resources/Public/Flexslider2/fonts/flexslider-icond41d.eot]
[andrae.de/typo3conf/ext/bootstrap_grids/Resources/Public/Flexslider2/fonts/flexslider-icon.woff]
[andrae.de/typo3conf/ext/bootstrap_grids/Resources/Public/Flexslider2/fonts/flexslider-icon.ttf]
[andrae.de/typo3conf/ext/bootstrap_grids/Resources/Public/Flexslider2/fonts/flexslider-icon.svg]
[andrae.de/typo3conf/ext/bootstrap_grids/Resources/Public/Flexslider2/flexsliderd409.css]
[andrae.de/fileadmin/template/img/header.png]
[andrae.de/fileadmin/template/dist/css/main.min20a3.css]
[cdnjs.cloudflare.com/ajax/libs/cookieconsent2/3.0.3/cookieconsent.min.css]
[andrae.de/fileadmin/template/dist/css/custom20a3.css]
[andrae.de/typo3conf/ext/bootstrap_grids/Resources/Public/Flexslider2/fonts/flexslider-icon.svg]
